INFO:root:i am going to start my program
WARNING:root:this is a my first warning of my program is so modify it 
ERROR:root:this is my error
INFO:root:i am going to start my program
INFO:root:40
INFO:root:40
INFO:root:40
INFO:root:40
INFO:root:40
INFO:root:40
INFO:root:56
INFO:root:56
INFO:root:56
